0:0:0:0:0:0:0:1 - - [02/Dec/2024:11:17:57 +0900] "GET / HTTP/1.1" 404 807
127.0.0.1 - - [02/Dec/2024:11:17:58 +0900] "GET / HTTP/1.1" 404 807
127.0.0.1 - - [02/Dec/2024:11:39:27 +0900] "GET / HTTP/1.1" 404 807
0:0:0:0:0:0:0:1 - - [02/Dec/2024:11:39:28 +0900] "GET /00_WebTest/NewFile.html HTTP/1.1" 200 144
0:0:0:0:0:0:0:1 - - [02/Dec/2024:11:39:28 +0900] "GET /favicon.ico HTTP/1.1" 404 818
0:0:0:0:0:0:0:1 - - [02/Dec/2024:11:41:10 +0900] "GET /00_WebTest/NewFile.html HTTP/1.1" 200 144
0:0:0:0:0:0:0:1 - - [02/Dec/2024:11:43:47 +0900] "GET /00_WebTest/NewFile.html HTTP/1.1" 200 149
127.0.0.1 - - [02/Dec/2024:11:58:10 +0900] "GET / HTTP/1.1" 404 807
0:0:0:0:0:0:0:1 - - [02/Dec/2024:11:58:10 +0900] "GET /01_Servlet/Test HTTP/1.1" 200 -
0:0:0:0:0:0:0:1 - - [02/Dec/2024:12:00:30 +0900] "GET /01_Servlet/Test HTTP/1.1" 200 -
0:0:0:0:0:0:0:1 - - [02/Dec/2024:12:00:36 +0900] "GET /01_Servlet/Test HTTP/1.1" 200 -
0:0:0:0:0:0:0:1 - - [02/Dec/2024:12:00:36 +0900] "GET /01_Servlet/Test HTTP/1.1" 200 -
127.0.0.1 - - [02/Dec/2024:12:05:22 +0900] "GET / HTTP/1.1" 404 807
0:0:0:0:0:0:0:1 - - [02/Dec/2024:12:05:22 +0900] "GET /01_Servlet/AA HTTP/1.1" 200 -
127.0.0.1 - - [02/Dec/2024:12:05:44 +0900] "GET / HTTP/1.1" 404 807
0:0:0:0:0:0:0:1 - - [02/Dec/2024:12:05:45 +0900] "GET /01_Servlet/AA HTTP/1.1" 200 -
0:0:0:0:0:0:0:1 - - [02/Dec/2024:12:07:59 +0900] "GET /01_Servlet/Test HTTP/1.1" 200 -
0:0:0:0:0:0:0:1 - - [02/Dec/2024:12:32:42 +0900] "GET /01_Servlet/AA HTTP/1.1" 404 824
0:0:0:0:0:0:0:1 - - [02/Dec/2024:12:32:48 +0900] "GET /01_Servlet/bb HTTP/1.1" 200 -
127.0.0.1 - - [02/Dec/2024:12:41:27 +0900] "GET / HTTP/1.1" 404 807
0:0:0:0:0:0:0:1 - - [02/Dec/2024:12:41:27 +0900] "GET /01_Servlet/cc HTTP/1.1" 200 -
0:0:0:0:0:0:0:1 - - [02/Dec/2024:12:41:34 +0900] "GET /01_Servlet/cc HTTP/1.1" 200 -
0:0:0:0:0:0:0:1 - - [02/Dec/2024:12:41:36 +0900] "GET /01_Servlet/cc HTTP/1.1" 200 -
0:0:0:0:0:0:0:1 - - [02/Dec/2024:12:41:36 +0900] "GET /01_Servlet/cc HTTP/1.1" 200 -
0:0:0:0:0:0:0:1 - - [02/Dec/2024:12:41:36 +0900] "GET /01_Servlet/cc HTTP/1.1" 200 -
0:0:0:0:0:0:0:1 - - [02/Dec/2024:12:42:56 +0900] "GET /01_Servlet/NewFile.html HTTP/1.1" 200 141
127.0.0.1 - - [02/Dec/2024:12:46:17 +0900] "GET / HTTP/1.1" 404 807
0:0:0:0:0:0:0:1 - - [02/Dec/2024:12:46:18 +0900] "GET /02_ContextName/NewFile.html HTTP/1.1" 200 138
127.0.0.1 - - [02/Dec/2024:12:59:58 +0900] "GET / HTTP/1.1" 404 807
0:0:0:0:0:0:0:1 - - [02/Dec/2024:12:59:58 +0900] "GET /NewFile.html HTTP/1.1" 200 138
0:0:0:0:0:0:0:1 - - [02/Dec/2024:13:03:58 +0900] "GET /index.html HTTP/1.1" 200 138
127.0.0.1 - - [02/Dec/2024:13:06:51 +0900] "GET / HTTP/1.1" 200 138
0:0:0:0:0:0:0:1 - - [02/Dec/2024:13:06:51 +0900] "GET /03_Servlet/input.html HTTP/1.1" 200 245
0:0:0:0:0:0:0:1 - - [02/Dec/2024:13:17:20 +0900] "GET /03_Servlet/input.html HTTP/1.1" 200 614
0:0:0:0:0:0:0:1 - - [02/Dec/2024:14:34:51 +0900] "GET /01_Servlet/cc HTTP/1.1" 200 -
0:0:0:0:0:0:0:1 - - [02/Dec/2024:14:51:44 +0900] "GET /03_Servlet/input.html HTTP/1.1" 200 622
127.0.0.1 - - [02/Dec/2024:14:59:36 +0900] "GET / HTTP/1.1" 200 138
0:0:0:0:0:0:0:1 - - [02/Dec/2024:14:59:37 +0900] "GET /03_Servlet/input.html HTTP/1.1" 200 616
0:0:0:0:0:0:0:1 - - [02/Dec/2024:15:00:53 +0900] "GET /03_Servlet/%EF%BF%BD%EB%B6%BF%EA%BB%8C%EF%BF%BD%EF%BF%BD%20url(%EF%BF%BD%EB%9A%AF%EC%94%AA%EF%A7%8F%EF%BF%BD,%20%EF%BF%BD%EC%92%95%ED%88%9D%E7%94%B1%EF%BF%BD,%20%EF%BF%BD%EB%8C%80%EB%81%82%EF%BF%BD%EB%9A%AF%EC%94%A0%EF%BF%BD%EF%BF%BD)?%26%2365533%3B%94%EC%B2%AD+%26%2365533%3B%8C%EB%9D%BC%EB%AF%B8%ED%84%B0%EB%AA%26%2365533%3B=&%26%2365533%3B%94%EC%B2%AD+%26%2365533%3B%8C%EB%9D%BC%EB%AF%B8%ED%84%B0%EB%AA%26%2365533%3B= HTTP/1.1" 404 1045
0:0:0:0:0:0:0:1 - - [02/Dec/2024:15:06:11 +0900] "GET /03_Servlet/input.html HTTP/1.1" 200 760
0:0:0:0:0:0:0:1 - - [02/Dec/2024:15:06:13 +0900] "GET /03_Servlet/input.html HTTP/1.1" 304 -
0:0:0:0:0:0:0:1 - - [02/Dec/2024:15:06:42 +0900] "GET /03_Servlet/input.html? HTTP/1.1" 200 760
0:0:0:0:0:0:0:1 - - [02/Dec/2024:15:06:52 +0900] "GET /03_Servlet/input.html? HTTP/1.1" 304 -
0:0:0:0:0:0:0:1 - - [02/Dec/2024:15:07:37 +0900] "GET /03_Servlet/input.html HTTP/1.1" 200 766
0:0:0:0:0:0:0:1 - - [02/Dec/2024:15:08:14 +0900] "GET /03_Servlet/input.html HTTP/1.1" 200 788
0:0:0:0:0:0:0:1 - - [02/Dec/2024:15:08:17 +0900] "GET /03_Servlet/input.html HTTP/1.1" 304 -
0:0:0:0:0:0:0:1 - - [02/Dec/2024:15:08:23 +0900] "GET /03_Servlet/input.html HTTP/1.1" 304 -
0:0:0:0:0:0:0:1 - - [02/Dec/2024:15:08:25 +0900] "GET /03_Servlet/Output?say=123&cnt=123 HTTP/1.1" 404 828
0:0:0:0:0:0:0:1 - - [02/Dec/2024:15:12:35 +0900] "GET /03_Servlet/input.html HTTP/1.1" 304 -
0:0:0:0:0:0:0:1 - - [02/Dec/2024:15:12:51 +0900] "GET /03_Servlet/input.html HTTP/1.1" 304 -
0:0:0:0:0:0:0:1 - - [02/Dec/2024:15:12:55 +0900] "GET /03_Servlet/Output?say=sd&cnt=123 HTTP/1.1" 404 828
127.0.0.1 - - [02/Dec/2024:15:14:57 +0900] "GET / HTTP/1.1" 200 138
0:0:0:0:0:0:0:1 - - [02/Dec/2024:15:15:02 +0900] "GET /03_Servlet/Output?say=sd&cnt=123 HTTP/1.1" 200 -
0:0:0:0:0:0:0:1 - - [02/Dec/2024:15:19:43 +0900] "GET /03_Servlet/input.html HTTP/1.1" 200 787
0:0:0:0:0:0:0:1 - - [02/Dec/2024:15:38:57 +0900] "GET /03_Servlet/input.html HTTP/1.1" 200 841
0:0:0:0:0:0:0:1 - - [02/Dec/2024:15:40:51 +0900] "GET /03_Servlet/input.html HTTP/1.1" 200 963
0:0:0:0:0:0:0:1 - - [02/Dec/2024:15:41:03 +0900] "GET /03_Servlet/input.html HTTP/1.1" 200 995
0:0:0:0:0:0:0:1 - - [02/Dec/2024:15:41:20 +0900] "GET /03_Servlet/input.html HTTP/1.1" 200 995
0:0:0:0:0:0:0:1 - - [02/Dec/2024:15:41:20 +0900] "GET /favicon.ico HTTP/1.1" 404 818
0:0:0:0:0:0:0:1 - - [02/Dec/2024:15:41:56 +0900] "GET /03_Servlet/input.html HTTP/1.1" 200 1024
0:0:0:0:0:0:0:1 - - [02/Dec/2024:15:44:14 +0900] "GET /03_Servlet/input.html HTTP/1.1" 200 1161
0:0:0:0:0:0:0:1 - - [02/Dec/2024:15:45:10 +0900] "GET /03_Servlet/input.html HTTP/1.1" 200 1261
0:0:0:0:0:0:0:1 - - [02/Dec/2024:15:47:40 +0900] "GET /03_Servlet/input.html HTTP/1.1" 200 1525
0:0:0:0:0:0:0:1 - - [02/Dec/2024:15:49:42 +0900] "GET /03_Servlet/input.html HTTP/1.1" 200 1720
0:0:0:0:0:0:0:1 - - [02/Dec/2024:15:53:32 +0900] "GET /03_Servlet/input.html HTTP/1.1" 200 1862
0:0:0:0:0:0:0:1 - - [02/Dec/2024:15:57:10 +0900] "GET /03_Servlet/input.html HTTP/1.1" 200 1886
0:0:0:0:0:0:0:1 - - [02/Dec/2024:15:59:30 +0900] "GET /03_Servlet/input.html HTTP/1.1" 200 1886
0:0:0:0:0:0:0:1 - - [02/Dec/2024:15:59:30 +0900] "GET /favicon.ico HTTP/1.1" 404 818
0:0:0:0:0:0:0:1 - - [02/Dec/2024:15:59:31 +0900] "GET /03_Servlet/input.html HTTP/1.1" 200 1886
0:0:0:0:0:0:0:1 - - [02/Dec/2024:15:59:31 +0900] "GET /favicon.ico HTTP/1.1" 404 818
127.0.0.1 - - [02/Dec/2024:16:03:03 +0900] "GET / HTTP/1.1" 200 138
0:0:0:0:0:0:0:1 - - [02/Dec/2024:16:03:04 +0900] "GET /03_Servlet/Output HTTP/1.1" 200 -
0:0:0:0:0:0:0:1 - - [02/Dec/2024:16:03:41 +0900] "GET /03_Servlet/Output HTTP/1.1" 200 -
0:0:0:0:0:0:0:1 - - [02/Dec/2024:16:03:41 +0900] "GET /favicon.ico HTTP/1.1" 404 818
0:0:0:0:0:0:0:1 - - [02/Dec/2024:16:03:45 +0900] "GET /03_Servlet/Output?say=11&cnt=12 HTTP/1.1" 200 -
127.0.0.1 - - [02/Dec/2024:16:04:35 +0900] "GET / HTTP/1.1" 200 138
0:0:0:0:0:0:0:1 - - [02/Dec/2024:16:04:35 +0900] "GET /03_Servlet/Output HTTP/1.1" 200 -
127.0.0.1 - - [02/Dec/2024:16:06:02 +0900] "GET / HTTP/1.1" 200 138
0:0:0:0:0:0:0:1 - - [02/Dec/2024:16:06:02 +0900] "GET /03_Servlet/Output HTTP/1.1" 200 3
0:0:0:0:0:0:0:1 - - [02/Dec/2024:16:06:19 +0900] "GET /03_Servlet/Output?say=%EC%95%88%EB%85%95&cnt=2 HTTP/1.1" 200 3
0:0:0:0:0:0:0:1 - - [02/Dec/2024:16:07:27 +0900] "GET /03_Servlet/Output?say=%EC%95%88%EB%85%95&cnt=2 HTTP/1.1" 200 3
0:0:0:0:0:0:0:1 - - [02/Dec/2024:16:07:27 +0900] "GET /favicon.ico HTTP/1.1" 404 818
0:0:0:0:0:0:0:1 - - [02/Dec/2024:16:07:38 +0900] "GET /03_Servlet/Output?say=%EC%95%88%EB%85%95&cnt=2 HTTP/1.1" 200 3
0:0:0:0:0:0:0:1 - - [02/Dec/2024:16:07:38 +0900] "GET /favicon.ico HTTP/1.1" 404 818
127.0.0.1 - - [02/Dec/2024:16:07:49 +0900] "GET / HTTP/1.1" 200 138
0:0:0:0:0:0:0:1 - - [02/Dec/2024:16:07:49 +0900] "GET /03_Servlet/Output HTTP/1.1" 200 7
127.0.0.1 - - [02/Dec/2024:16:08:36 +0900] "GET / HTTP/1.1" 200 138
0:0:0:0:0:0:0:1 - - [02/Dec/2024:16:08:36 +0900] "GET /03_Servlet/Output HTTP/1.1" 200 13
127.0.0.1 - - [02/Dec/2024:16:08:52 +0900] "GET / HTTP/1.1" 200 138
0:0:0:0:0:0:0:1 - - [02/Dec/2024:16:08:52 +0900] "GET /03_Servlet/Output HTTP/1.1" 200 13
127.0.0.1 - - [02/Dec/2024:16:14:03 +0900] "GET / HTTP/1.1" 200 138
0:0:0:0:0:0:0:1 - - [02/Dec/2024:16:14:04 +0900] "GET /03_Servlet/Output HTTP/1.1" 200 74
127.0.0.1 - - [02/Dec/2024:16:15:10 +0900] "GET / HTTP/1.1" 200 138
0:0:0:0:0:0:0:1 - - [02/Dec/2024:16:15:11 +0900] "GET /03_Servlet/Output HTTP/1.1" 200 87
0:0:0:0:0:0:0:1 - - [02/Dec/2024:16:15:50 +0900] "GET /03_Servlet/Output HTTP/1.1" 200 87
0:0:0:0:0:0:0:1 - - [02/Dec/2024:16:15:50 +0900] "GET /favicon.ico HTTP/1.1" 404 818
0:0:0:0:0:0:0:1 - - [02/Dec/2024:16:16:38 +0900] "GET /03_Servlet/Output HTTP/1.1" 200 87
0:0:0:0:0:0:0:1 - - [02/Dec/2024:16:16:44 +0900] "GET /03_Servlet/Output HTTP/1.1" 200 87
0:0:0:0:0:0:0:1 - - [02/Dec/2024:16:16:48 +0900] "GET /03_Servlet/Output HTTP/1.1" 200 87
127.0.0.1 - - [02/Dec/2024:16:17:15 +0900] "GET / HTTP/1.1" 200 138
0:0:0:0:0:0:0:1 - - [02/Dec/2024:16:17:15 +0900] "GET /03_Servlet/Output HTTP/1.1" 200 74
127.0.0.1 - - [02/Dec/2024:16:42:01 +0900] "GET / HTTP/1.1" 200 138
0:0:0:0:0:0:0:1 - - [02/Dec/2024:16:42:02 +0900] "GET /03_Servlet/Output HTTP/1.1" 500 1318
0:0:0:0:0:0:0:1 - - [02/Dec/2024:16:42:11 +0900] "GET /03_Servlet/Output HTTP/1.1" 500 1318
0:0:0:0:0:0:0:1 - - [02/Dec/2024:16:42:18 +0900] "GET /03_Servlet/Output HTTP/1.1" 500 1318
0:0:0:0:0:0:0:1 - - [02/Dec/2024:16:42:18 +0900] "GET /favicon.ico HTTP/1.1" 404 818
0:0:0:0:0:0:0:1 - - [02/Dec/2024:16:42:19 +0900] "GET /03_Servlet/Output HTTP/1.1" 500 1318
0:0:0:0:0:0:0:1 - - [02/Dec/2024:16:42:19 +0900] "GET /favicon.ico HTTP/1.1" 404 818
0:0:0:0:0:0:0:1 - - [02/Dec/2024:16:42:24 +0900] "GET /03_Servlet/Output HTTP/1.1" 500 1318
0:0:0:0:0:0:0:1 - - [02/Dec/2024:16:42:24 +0900] "GET /favicon.ico HTTP/1.1" 404 818
0:0:0:0:0:0:0:1 - - [02/Dec/2024:16:42:57 +0900] "GET /03_Servlet/Output HTTP/1.1" 500 1318
0:0:0:0:0:0:0:1 - - [02/Dec/2024:16:42:58 +0900] "GET /03_Servlet/Output HTTP/1.1" 500 1318
127.0.0.1 - - [02/Dec/2024:16:43:14 +0900] "GET / HTTP/1.1" 200 138
0:0:0:0:0:0:0:1 - - [02/Dec/2024:16:43:14 +0900] "GET /03_Servlet/input.html HTTP/1.1" 304 -
0:0:0:0:0:0:0:1 - - [02/Dec/2024:16:43:18 +0900] "GET /03_Servlet/Output?say=%EC%95%88%EB%85%95&cnt=5 HTTP/1.1" 200 91
127.0.0.1 - - [02/Dec/2024:16:45:26 +0900] "GET / HTTP/1.1" 200 138
0:0:0:0:0:0:0:1 - - [02/Dec/2024:16:45:27 +0900] "GET /03_Servlet/Output HTTP/1.1" 500 1318
0:0:0:0:0:0:0:1 - - [02/Dec/2024:16:45:40 +0900] "GET /03_Servlet/Output?say=%EC%95%88%EB%85%95&cnt=5 HTTP/1.1" 200 136
0:0:0:0:0:0:0:1 - - [02/Dec/2024:16:46:12 +0900] "GET /03_Servlet/Output?say=%EC%95%88%EB%85%95&cnt=2 HTTP/1.1" 200 91
0:0:0:0:0:0:0:1 - - [02/Dec/2024:16:46:17 +0900] "GET /03_Servlet/Output?say=%EC%95%88%EB%85%95&cnt=10 HTTP/1.1" 200 211
127.0.0.1 - - [02/Dec/2024:16:52:10 +0900] "GET / HTTP/1.1" 200 138
0:0:0:0:0:0:0:1 - - [02/Dec/2024:16:52:10 +0900] "GET /03_Servlet/oddeven.html HTTP/1.1" 200 302
0:0:0:0:0:0:0:1 - - [02/Dec/2024:16:52:29 +0900] "GET /03_Servlet/OddEven?num=123 HTTP/1.1" 200 22
0:0:0:0:0:0:0:1 - - [02/Dec/2024:16:52:41 +0900] "GET /03_Servlet/OddEven HTTP/1.1" 200 22
0:0:0:0:0:0:0:1 - - [02/Dec/2024:16:52:56 +0900] "GET /03_Servlet/oddeven.html HTTP/1.1" 304 -
0:0:0:0:0:0:0:1 - - [02/Dec/2024:16:53:02 +0900] "GET /03_Servlet/OddEven?num=123 HTTP/1.1" 200 22
127.0.0.1 - - [02/Dec/2024:16:54:28 +0900] "GET / HTTP/1.1" 200 138
0:0:0:0:0:0:0:1 - - [02/Dec/2024:16:54:28 +0900] "GET /03_Servlet/OddEven HTTP/1.1" 200 -
0:0:0:0:0:0:0:1 - - [02/Dec/2024:16:54:33 +0900] "GET /03_Servlet/OddEven HTTP/1.1" 200 -
0:0:0:0:0:0:0:1 - - [02/Dec/2024:16:54:33 +0900] "GET /favicon.ico HTTP/1.1" 404 818
0:0:0:0:0:0:0:1 - - [02/Dec/2024:16:54:41 +0900] "GET /03_Servlet/oddeven.html HTTP/1.1" 304 -
0:0:0:0:0:0:0:1 - - [02/Dec/2024:16:54:42 +0900] "GET /03_Servlet/OddEven?num=10 HTTP/1.1" 200 -
0:0:0:0:0:0:0:1 - - [02/Dec/2024:16:55:04 +0900] "GET /03_Servlet/OddEven?num=1111 HTTP/1.1" 200 -
127.0.0.1 - - [02/Dec/2024:17:01:46 +0900] "GET / HTTP/1.1" 200 138
0:0:0:0:0:0:0:1 - - [02/Dec/2024:17:01:46 +0900] "GET /03_Servlet/OddEven HTTP/1.1" 500 3987
0:0:0:0:0:0:0:1 - - [02/Dec/2024:17:01:52 +0900] "GET /03_Servlet/OddEven?num=1111 HTTP/1.1" 404 721
0:0:0:0:0:0:0:1 - - [02/Dec/2024:17:01:56 +0900] "GET /03_Servlet/OddEven?num=1111 HTTP/1.1" 404 721
0:0:0:0:0:0:0:1 - - [02/Dec/2024:17:01:56 +0900] "GET /favicon.ico HTTP/1.1" 404 818
0:0:0:0:0:0:0:1 - - [02/Dec/2024:17:01:57 +0900] "GET /03_Servlet/OddEven?num=1111 HTTP/1.1" 404 721
0:0:0:0:0:0:0:1 - - [02/Dec/2024:17:01:57 +0900] "GET /favicon.ico HTTP/1.1" 404 818
0:0:0:0:0:0:0:1 - - [02/Dec/2024:17:02:07 +0900] "GET /03_Servlet/OddEven HTTP/1.1" 404 721
127.0.0.1 - - [02/Dec/2024:17:02:28 +0900] "GET / HTTP/1.1" 200 138
0:0:0:0:0:0:0:1 - - [02/Dec/2024:17:02:28 +0900] "GET /03_Servlet/oddeven.html HTTP/1.1" 304 -
0:0:0:0:0:0:0:1 - - [02/Dec/2024:17:02:29 +0900] "GET /03_Servlet/OddEven?num=111 HTTP/1.1" 200 85
127.0.0.1 - - [02/Dec/2024:17:04:06 +0900] "GET / HTTP/1.1" 200 138
0:0:0:0:0:0:0:1 - - [02/Dec/2024:17:04:07 +0900] "GET /03_Servlet/OddEven HTTP/1.1" 500 1320
0:0:0:0:0:0:0:1 - - [02/Dec/2024:17:04:20 +0900] "GET /03_Servlet/oddeven.html HTTP/1.1" 304 -
0:0:0:0:0:0:0:1 - - [02/Dec/2024:17:04:22 +0900] "GET /03_Servlet/OddEven?num=213 HTTP/1.1" 200 104
127.0.0.1 - - [02/Dec/2024:17:04:47 +0900] "GET / HTTP/1.1" 200 138
0:0:0:0:0:0:0:1 - - [02/Dec/2024:17:04:47 +0900] "GET /03_Servlet/OddEven HTTP/1.1" 500 1320
0:0:0:0:0:0:0:1 - - [02/Dec/2024:17:04:54 +0900] "GET /03_Servlet/OddEven?num=2 HTTP/1.1" 200 104
127.0.0.1 - - [02/Dec/2024:17:05:21 +0900] "GET / HTTP/1.1" 200 138
0:0:0:0:0:0:0:1 - - [02/Dec/2024:17:05:21 +0900] "GET /03_Servlet/OddEven HTTP/1.1" 500 1320
0:0:0:0:0:0:0:1 - - [02/Dec/2024:17:05:28 +0900] "GET /03_Servlet/OddEven HTTP/1.1" 500 1320
0:0:0:0:0:0:0:1 - - [02/Dec/2024:17:05:33 +0900] "GET /03_Servlet/oddeven.html HTTP/1.1" 304 -
0:0:0:0:0:0:0:1 - - [02/Dec/2024:17:05:36 +0900] "GET /03_Servlet/OddEven?num=2 HTTP/1.1" 200 104
127.0.0.1 - - [02/Dec/2024:17:09:36 +0900] "GET / HTTP/1.1" 200 138
0:0:0:0:0:0:0:1 - - [02/Dec/2024:17:09:37 +0900] "GET /03_Servlet/OddEven HTTP/1.1" 500 1320
0:0:0:0:0:0:0:1 - - [02/Dec/2024:17:09:47 +0900] "GET /03_Servlet/oddeven.html HTTP/1.1" 304 -
0:0:0:0:0:0:0:1 - - [02/Dec/2024:17:09:48 +0900] "GET /03_Servlet/OddEven?num=12 HTTP/1.1" 200 92
0:0:0:0:0:0:0:1 - - [02/Dec/2024:17:12:55 +0900] "GET /03_Servlet/nameAge.html HTTP/1.1" 200 237
127.0.0.1 - - [02/Dec/2024:17:14:02 +0900] "GET / HTTP/1.1" 200 138
0:0:0:0:0:0:0:1 - - [02/Dec/2024:17:14:02 +0900] "GET /03_Servlet/NameAge HTTP/1.1" 200 -
0:0:0:0:0:0:0:1 - - [02/Dec/2024:17:35:09 +0900] "GET /03_Servlet/nameAge.html HTTP/1.1" 200 251
0:0:0:0:0:0:0:1 - - [02/Dec/2024:17:35:24 +0900] "GET /03_Servlet/nameAge?name=11&age=22 HTTP/1.1" 404 829
0:0:0:0:0:0:0:1 - - [02/Dec/2024:17:35:33 +0900] "GET /03_Servlet/NameAge HTTP/1.1" 200 -
127.0.0.1 - - [02/Dec/2024:17:36:48 +0900] "GET / HTTP/1.1" 200 138
0:0:0:0:0:0:0:1 - - [02/Dec/2024:17:36:49 +0900] "GET /03_Servlet/NameAge HTTP/1.1" 500 1499
127.0.0.1 - - [02/Dec/2024:17:37:42 +0900] "GET / HTTP/1.1" 200 138
0:0:0:0:0:0:0:1 - - [02/Dec/2024:17:37:43 +0900] "GET /03_Servlet/NameAge HTTP/1.1" 200 -
127.0.0.1 - - [02/Dec/2024:17:43:22 +0900] "GET / HTTP/1.1" 200 138
0:0:0:0:0:0:0:1 - - [02/Dec/2024:17:43:22 +0900] "GET /03_Servlet/NameAge HTTP/1.1" 500 4029
0:0:0:0:0:0:0:1 - - [02/Dec/2024:17:43:37 +0900] "GET /03_Servlet/NameAge HTTP/1.1" 404 721
0:0:0:0:0:0:0:1 - - [02/Dec/2024:17:43:45 +0900] "GET /03_Servlet/NameAge HTTP/1.1" 404 721
127.0.0.1 - - [02/Dec/2024:17:43:59 +0900] "GET / HTTP/1.1" 200 138
0:0:0:0:0:0:0:1 - - [02/Dec/2024:17:44:00 +0900] "GET /03_Servlet/nameAge.html HTTP/1.1" 304 -
0:0:0:0:0:0:0:1 - - [02/Dec/2024:17:44:03 +0900] "GET /03_Servlet/nameAge?name=%EC%A1%B0%EC%88%98%EC%A7%84&age=22 HTTP/1.1" 404 829
0:0:0:0:0:0:0:1 - - [02/Dec/2024:17:44:24 +0900] "GET /03_Servlet/NameAge HTTP/1.1" 500 1320
0:0:0:0:0:0:0:1 - - [02/Dec/2024:17:45:01 +0900] "GET /03_Servlet/nameAge.html HTTP/1.1" 304 -
0:0:0:0:0:0:0:1 - - [02/Dec/2024:17:45:06 +0900] "GET /03_Servlet/nameAge?name=%EC%A1%B0%EC%88%98%EC%A7%84&age=22 HTTP/1.1" 404 829
0:0:0:0:0:0:0:1 - - [02/Dec/2024:17:47:03 +0900] "GET /03_Servlet/login.html HTTP/1.1" 200 230
127.0.0.1 - - [02/Dec/2024:17:48:57 +0900] "GET / HTTP/1.1" 200 138
0:0:0:0:0:0:0:1 - - [02/Dec/2024:17:48:57 +0900] "GET /03_Servlet/login.html HTTP/1.1" 200 290
127.0.0.1 - - [02/Dec/2024:17:53:28 +0900] "GET / HTTP/1.1" 200 138
0:0:0:0:0:0:0:1 - - [02/Dec/2024:17:53:29 +0900] "GET /03_Servlet/Login HTTP/1.1" 500 1500
127.0.0.1 - - [02/Dec/2024:17:53:52 +0900] "GET / HTTP/1.1" 200 138
0:0:0:0:0:0:0:1 - - [02/Dec/2024:17:53:52 +0900] "GET /03_Servlet/Login HTTP/1.1" 200 -
0:0:0:0:0:0:0:1 - - [02/Dec/2024:18:02:22 +0900] "GET /03_Servlet/Login HTTP/1.1" 200 -
0:0:0:0:0:0:0:1 - - [02/Dec/2024:18:03:36 +0900] "GET /03_Servlet/Login HTTP/1.1" 200 -
0:0:0:0:0:0:0:1 - - [02/Dec/2024:18:03:38 +0900] "GET /03_Servlet/Login HTTP/1.1" 200 -
127.0.0.1 - - [02/Dec/2024:18:03:54 +0900] "GET / HTTP/1.1" 200 138
0:0:0:0:0:0:0:1 - - [02/Dec/2024:18:03:55 +0900] "GET /03_Servlet/login.html HTTP/1.1" 304 -
0:0:0:0:0:0:0:1 - - [02/Dec/2024:18:03:59 +0900] "GET /03_Servlet/Login?id=sj&pw=1004 HTTP/1.1" 200 114
0:0:0:0:0:0:0:1 - - [02/Dec/2024:18:12:45 +0900] "GET /03_Servlet/Login HTTP/1.1" 500 73
127.0.0.1 - - [02/Dec/2024:18:13:13 +0900] "GET / HTTP/1.1" 200 138
0:0:0:0:0:0:0:1 - - [02/Dec/2024:18:13:13 +0900] "GET /03_Servlet/login.html HTTP/1.1" 304 -
0:0:0:0:0:0:0:1 - - [02/Dec/2024:18:13:20 +0900] "GET /03_Servlet/Login?id=sj&pw=1004 HTTP/1.1" 200 146
127.0.0.1 - - [02/Dec/2024:18:14:34 +0900] "GET / HTTP/1.1" 200 138
0:0:0:0:0:0:0:1 - - [02/Dec/2024:18:14:34 +0900] "GET /03_Servlet/Login HTTP/1.1" 500 73
0:0:0:0:0:0:0:1 - - [02/Dec/2024:18:14:43 +0900] "GET /03_Servlet/Login?id=sj&pw=1004 HTTP/1.1" 200 135
127.0.0.1 - - [02/Dec/2024:18:16:29 +0900] "GET / HTTP/1.1" 200 138
0:0:0:0:0:0:0:1 - - [02/Dec/2024:18:16:30 +0900] "GET /03_Servlet/Login HTTP/1.1" 500 122
0:0:0:0:0:0:0:1 - - [02/Dec/2024:18:18:57 +0900] "GET /03_Servlet/login.html HTTP/1.1" 304 -
0:0:0:0:0:0:0:1 - - [02/Dec/2024:18:19:03 +0900] "GET /03_Servlet/Login?id=sj&pw=1002 HTTP/1.1" 200 182
127.0.0.1 - - [02/Dec/2024:18:19:35 +0900] "GET / HTTP/1.1" 200 138
0:0:0:0:0:0:0:1 - - [02/Dec/2024:18:19:36 +0900] "GET /03_Servlet/Login HTTP/1.1" 500 115
0:0:0:0:0:0:0:1 - - [02/Dec/2024:18:19:44 +0900] "GET /03_Servlet/Login?id=sj&pw=1002 HTTP/1.1" 200 173
